package main

type A interface{}

func main() {
	var a0 A = "foo"
	var _ string = a0.(string)
	var a1 A = 42
	var _ int = a1.(int)
	a2 := A("foo")
	print(a2.(string))
	var a3 A = []int{1, 2, 3}
	var _ int = a3.([]int)[0]
	var a4 A = map[string]int{
		"bar": 42,
	}
	var _ int = a4.(map[string]int)["bar"]
}
